./hamiltonian_algorithm -f 2-node2.in -s 0 -e 1

./hamiltonian_algorithm -f 2-node2.in -s 0 -e 0
