./hamiltonian_algorithm -f 3-node6.in -s 2 -e 1

./hamiltonian_algorithm -f 3-node6.in -s 0 -e 0
