./hamiltonian_algorithm -f 3-node2.in -s 0 -e 2
 0 1 2

./hamiltonian_algorithm -f 3-node2.in -s 1 -e 1
