./hamiltonian_algorithm -f 3-node5.in -s 0 -e 1

./hamiltonian_algorithm -f 3-node5.in -s 0 -e 0
