./hamiltonian_algorithm -f 3-node4.in -s 1 -e 0
1 2 0

./hamiltonian_algorithm -f 3-node4.in -s 0 -e 0
