./hamiltonian_algorithm -f 4-node5.in -s 3 -e 0
 3 1 2 0

./hamiltonian_algorithm -f 4-node5.in -s 1 -e 1
