./hamiltonian_algorithm -f 4-node9.in  -s 1 -e 2

./hamiltonian_algorithm -f 4-node9.in  -s 1 -e 1