./hamiltonian_algorithm -f 4-node6.in -s 1 -e 3
 1 0 2 3

./hamiltonian_algorithm -f 4-node6.in -s 0 -e 0
 0 1 3 2 0
 0 2 3 1 0
