./hamiltonian_algorithm -f 4-node7.in  -s 2 -e 3
2 0 1 3

./hamiltonian_algorithm -f 4-node7.in  -s 0 -e 0