./hamiltonian_algorithm -f 4-node1.txt  -s 3 -e 0
3 1 2 0

./hamiltonian_algorithm -f 4-node1.txt  -s 2 -e 2
2 0 3 2 2