./hamiltonian_algorithm -f 4-node8.in -s 3 -e 0

./hamiltonian_algorithm -f 4-node8.in -s 3 -e 3
