./hamiltonian_algorithm -f 4-node2.in -s 0 -e 3
0 2 1 3

./hamiltonian_algorithm -f 4-node2.in -s 0 -e 0
0 3 1 2 0
