./hamiltonian_algorithm -f 5-node1.in -s 0 -e 3
0 2 4 1 3
0 1 2 4 3

./hamiltonian_algorithm -f 5-node1.in -s 4 -e 4
4 2 0 3 1 4
4 3 1 2 0 4
