./hamiltonian_algorithm -f 5-node12.in -s 4 -e 1

./hamiltonian_algorithm -f 5-node12.in -s 3 -e 3
