./hamiltonian_algorithm -f 5-node9.in -s 1 -e 4

./hamiltonian_algorithm -f 5-node9.in -s 2 -e 2
