./hamiltonian_algorithm -f 5-node7.in  -s 1 -e 3
1 0 2 4 3

./hamiltonian_algorithm -f 5-node7.in  -s 3 -e 3
3 4 2 0 1 3
3 1 0 2 4 3