./hamiltonian_algorithm -f 5-node3.in -s 2 -e 1
2 4 3 0 1

./hamiltonian_algorithm -f 5-node3.in -s 3 -e 3
3 4 2 1 0 3
3 0 1 2 4 3
