./hamiltonian_algorithm -f 5-node4.in  -s 4 -e 2
4 3 1 0 2

./hamiltonian_algorithm -f 5-node4.in  -s 3 -e 3