./hamiltonian_algorithm -f 5-node5.in  -s 0 -e 4
0 2 1 3 4

./hamiltonian_algorithm -f 5-node5.in  -s 4 -e 4