./hamiltonian_algorithm -f 5-node6.in -s 1 -e 3
1 4 2 0

./hamiltonian_algorithm -f 5-node6.in -s 2 -e 2
2 0 3 1 4 2
2 4 1 3 0 2
