./hamiltonian_algorithm -f 6-node1.in -s 0 -e 4
0 3 1 2 5 4
0 3 1 5 2 4

./hamiltonian_algorithm -f 6-node1.in -s 5 -e 5
5 4 3 0 1 2 5
5 1 3 0 4 2 5
