./hamiltonian_algorithm -f 6-node8.in -s 2 -e 5
2 4 0 3 1 5
2 0 4 1 3 5

./hamiltonian_algorithm -f 6-node8.in -s 4 -e 4
4 0 3 1 5 2 4
4 1 3 5 2 0 4
