./hamiltonian_algorithm -f 6-node11.in -s 1 -e 2

./hamiltonian_algorithm -f 6-node11.in -s 5 -e 5
