./hamiltonian_algorithm -f 6-node12.in -s 2 -e 3

./hamiltonian_algorithm -f 6-node12.in -s 1 -e 1
