./hamiltonian_algorithm -f 6-node4.in  -s 5 -e 0
5 2 4 1 3 0
5 1 2 4 3 0
5 2 1 3 4 0

./hamiltonian_algorithm -f 6-node4.in  -s 0 -e 0
0 3 1 5 2 4 0