./hamiltonian_algorithm -f 6-node3.in  -s 5 -e 4
5 2 1 0 3 4

./hamiltonian_algorithm -f 6-node3.in  -s 4 -e 4
4 3 0 1 2 5 4
4 5 2 1 0 3 4